[htmldemo.net/babify/babify/index.html]
[backblue.gif]
[fade.gif]
[index.html]
[htmldemo.net/babify/babify/assets/images/favicon.png]
[htmldemo.net/babify/babify/assets/css/giulia-plain.css]
[htmldemo.net/babify/babify/assets/css/lastudioicon.css]
[htmldemo.net/babify/babify/assets/css/bootstrap.min.css]
[htmldemo.net/babify/babify/assets/css/swiper-bundle.min.css]
[htmldemo.net/babify/babify/assets/css/glightbox.min.css]
[htmldemo.net/babify/babify/assets/css/nice-select2.css]
[htmldemo.net/babify/babify/assets/images/baby-header-left.png]
[htmldemo.net/babify/babify/assets/css/style.min.css]
[htmldemo.net/babify/babify/assets/images/logo.png]
[htmldemo.net/babify/babify/assets/images/baby-header-right.png]
[htmldemo.net/babify/babify/my-account.html]
[htmldemo.net/babify/babify/wishlist.html]
[htmldemo.net/babify/babify/about.html]
[htmldemo.net/babify/babify/coming-soon.html]
[htmldemo.net/babify/babify/our-team.html]
[htmldemo.net/babify/babify/contact-us.html]
[htmldemo.net/babify/babify/faqs.html]
[htmldemo.net/babify/babify/term-of-use.html]
[htmldemo.net/babify/babify/login-register.html]
[htmldemo.net/babify/babify/shop-fullwidth.html]
[htmldemo.net/babify/babify/404.html]
[htmldemo.net/babify/babify/shop-sidebar.html]
[htmldemo.net/babify/babify/shop-4-columns.html]
[htmldemo.net/babify/babify/shop-masonry.html]
[htmldemo.net/babify/babify/shop-3-columns.html]
[htmldemo.net/babify/babify/cart.html]
[htmldemo.net/babify/babify/order-tracking.html]
[htmldemo.net/babify/babify/compare.html]
[htmldemo.net/babify/babify/empty-cart.html]
[htmldemo.net/babify/babify/checkout.html]
[htmldemo.net/babify/babify/thank-you.html]
[htmldemo.net/babify/babify/product-single.html]
[htmldemo.net/babify/babify/product-single-carousel.html]
[htmldemo.net/babify/babify/product-single-variable.html]
[htmldemo.net/babify/babify/product-single-affiliate.html]
[htmldemo.net/babify/babify/assets/images/megamenu.jpg]
[htmldemo.net/babify/babify/product-single-countdown.html]
[htmldemo.net/babify/babify/blog-right-sidebar.html]
[htmldemo.net/babify/babify/blog-left-sidebar.html]
[htmldemo.net/babify/babify/blog.html]
[htmldemo.net/babify/babify/blog-single.html]
[htmldemo.net/babify/babify/assets/images/products/product-02.jpg]
[htmldemo.net/babify/babify/assets/images/products/product-04.jpg]
[htmldemo.net/babify/babify/assets/images/products/product-05.jpg]
[htmldemo.net/babify/babify/assets/images/shop-sidebar-banner.jpg]
[htmldemo.net/babify/babify/assets/images/slider/slider-1.jpg]
[htmldemo.net/babify/babify/assets/images/slider/slider-2.jpg]
[htmldemo.net/babify/babify/assets/images/slider/slider-3.jpg]
[htmldemo.net/babify/babify/assets/images/banner/banner-1.jpg]
[htmldemo.net/babify/babify/assets/images/banner/banner-2.jpg]
[htmldemo.net/babify/babify/assets/images/banner/banner-3.jpg]
[htmldemo.net/babify/babify/assets/images/banner/banner-4.jpg]
[htmldemo.net/babify/babify/assets/images/banner/banner-5.jpg]
[htmldemo.net/babify/babify/assets/images/products/product-06.jpg]
[htmldemo.net/babify/babify/assets/images/products/product-03.jpg]
[htmldemo.net/babify/babify/assets/images/products/product-14.jpg]
[htmldemo.net/babify/babify/assets/images/products/product-12.jpg]
[htmldemo.net/babify/babify/assets/images/products/product-15.jpg]
[htmldemo.net/babify/babify/assets/images/products/product-16.jpg]
[htmldemo.net/babify/babify/assets/images/products/product-11.jpg]
[htmldemo.net/babify/babify/assets/images/products/product-08.jpg]
[htmldemo.net/babify/babify/assets/images/products/product-01.jpg]
[htmldemo.net/babify/babify/assets/images/products/product-13.jpg]
[htmldemo.net/babify/babify/assets/images/products/product-17.jpg]
[htmldemo.net/babify/babify/assets/images/products/product-07.jpg]
[htmldemo.net/babify/babify/assets/images/products/product-18.jpg]
[htmldemo.net/babify/babify/assets/images/products/product-19.jpg]
[htmldemo.net/babify/babify/assets/images/products/product-23.jpg]
[htmldemo.net/babify/babify/assets/images/products/product-10.jpg]
[htmldemo.net/babify/babify/assets/images/products/product-22.jpg]
[htmldemo.net/babify/babify/assets/images/products/product-21.jpg]
[htmldemo.net/babify/babify/assets/images/products/product-09.jpg]
[htmldemo.net/babify/babify/assets/images/products/product-20.jpg]
[htmldemo.net/babify/babify/assets/images/layer-1.png]
[htmldemo.net/babify/babify/assets/images/layer-2.png]
[htmldemo.net/babify/babify/assets/images/category/category-1.jpg]
[htmldemo.net/babify/babify/assets/images/category/category-2.jpg]
[htmldemo.net/babify/babify/assets/images/category/category-3.jpg]
[htmldemo.net/babify/babify/assets/images/category/category-4.jpg]
[htmldemo.net/babify/babify/assets/images/user/user-1.jpg]
[htmldemo.net/babify/babify/assets/images/user/user-2.jpg]
[htmldemo.net/babify/babify/assets/images/user/user-3.jpg]
[htmldemo.net/babify/babify/assets/images/instagram/instagram-1.jpg]
[htmldemo.net/babify/babify/assets/images/instagram/instagram-2.jpg]
[htmldemo.net/babify/babify/assets/images/instagram/instagram-3.jpg]
[htmldemo.net/babify/babify/assets/images/instagram/instagram-4.jpg]
[htmldemo.net/babify/babify/assets/images/instagram/instagram-5.jpg]
[htmldemo.net/babify/babify/assets/images/footer-payment-1.png]
[htmldemo.net/babify/babify/assets/images/products/product-single-01.jpg]
[htmldemo.net/babify/babify/assets/images/products/product-single-02.jpg]
[htmldemo.net/babify/babify/assets/images/products/product-single-03.jpg]
[htmldemo.net/babify/babify/assets/images/products/product-single-04.jpg]
[htmldemo.net/babify/babify/assets/images/popup-bg.jpg]
[htmldemo.net/babify/babify/assets/js/bootstrap.bundle.min.js]
[htmldemo.net/babify/babify/assets/js/masonry.pkgd.min.js]
[htmldemo.net/babify/babify/assets/js/swiper-bundle.min.js]
[htmldemo.net/babify/babify/assets/js/glightbox.min.js]
[htmldemo.net/babify/babify/assets/js/nice-select2.js]
[htmldemo.net/babify/babify/index.html]
[htmldemo.net/babify/babify/assets/js/main.js]
[htmldemo.net/babify/babify/assets/fonts/giuliaplain300.woff2]
[htmldemo.net/babify/babify/assets/fonts/giuliaplain300.eot]
[htmldemo.net/babify/babify/assets/fonts/giuliaplain300.woff]
[htmldemo.net/babify/babify/assets/fonts/giuliaplain300.ttf]
[htmldemo.net/babify/babify/assets/fonts/giuliaplain400.woff2]
[htmldemo.net/babify/babify/assets/fonts/giuliaplain300.svg]
[htmldemo.net/babify/babify/assets/fonts/giuliaplain400.eot]
[htmldemo.net/babify/babify/assets/fonts/giuliaplain400.woff]
[htmldemo.net/babify/babify/assets/fonts/giuliaplain400.ttf]
[htmldemo.net/babify/babify/assets/fonts/giuliaplain700.eot]
[htmldemo.net/babify/babify/assets/fonts/giuliaplain700.woff2]
[htmldemo.net/babify/babify/assets/fonts/giuliaplain400.svg]
[htmldemo.net/babify/babify/assets/fonts/giuliaplain700.woff]
[htmldemo.net/babify/babify/assets/fonts/giuliaplain700.ttf]
[htmldemo.net/babify/babify/assets/css/giulia-plain.css]
[htmldemo.net/babify/babify/assets/css/bootstrap.min.css]
[htmldemo.net/babify/babify/assets/fonts/giuliaplain700.svg]
[htmldemo.net/babify/babify/assets/fonts/LaStudioIcons.eot]
[htmldemo.net/babify/babify/assets/fonts/LaStudioIconsd41d.eot]
[htmldemo.net/babify/babify/assets/fonts/LaStudioIcons.woff]
[htmldemo.net/babify/babify/assets/fonts/LaStudioIcons.ttf]
[htmldemo.net/babify/babify/assets/css/lastudioicon.css]
[htmldemo.net/babify/babify/assets/css/swiper-bundle.min.css]
[htmldemo.net/babify/babify/assets/css/glightbox.min.css]
[htmldemo.net/babify/babify/assets/css/nice-select2.css]
[htmldemo.net/babify/babify/assets/images/quote-icon.svg]
[htmldemo.net/babify/babify/assets/fonts/LaStudioIcons.svg]
[htmldemo.net/babify/babify/assets/images/about/about-shape.png]
[htmldemo.net/babify/babify/assets/images/placeholder.png]
[htmldemo.net/babify/babify/assets/css/style.min.css]
[htmldemo.net/babify/babify/assets/images/icon/quote-icon.svg]
[htmldemo.net/babify/babify/assets/images/newsletter-bg-1.jpg]
[htmldemo.net/babify/babify/assets/images/newsletter-bg-2.jpg]
[htmldemo.net/babify/babify/my-account.html]
[htmldemo.net/babify/babify/wishlist.html]
[htmldemo.net/babify/babify/assets/images/about/about-img-1.jpg]
[htmldemo.net/babify/babify/assets/images/about/about-img-2.jpg]
[htmldemo.net/babify/babify/assets/images/about/about-img-3.jpg]
[htmldemo.net/babify/babify/assets/images/about-bg-1.jpg]
[htmldemo.net/babify/babify/assets/images/author/m2-testimonial-1.jpg]
[htmldemo.net/babify/babify/assets/images/author/m2-testimonial-2.jpg]
[htmldemo.net/babify/babify/assets/images/instagram/about-instagram-1.jpg]
[htmldemo.net/babify/babify/assets/images/instagram/about-instagram-2.jpg]
[htmldemo.net/babify/babify/assets/images/instagram/about-instagram-4.jpg]
[htmldemo.net/babify/babify/assets/images/instagram/about-instagram-3.jpg]
[htmldemo.net/babify/babify/about.html]
[htmldemo.net/babify/babify/assets/images/coming-soon.png]
[htmldemo.net/babify/babify/coming-soon.html]
[htmldemo.net/babify/babify/assets/images/our-team/team-1.jpg]
[htmldemo.net/babify/babify/assets/images/our-team/team-2.jpg]
[htmldemo.net/babify/babify/assets/images/our-team/team-3.jpg]
[htmldemo.net/babify/babify/assets/images/our-team/team-4.jpg]
[htmldemo.net/babify/babify/assets/images/our-team/team-5.jpg]
[htmldemo.net/babify/babify/assets/images/our-team/team-6.jpg]
[htmldemo.net/babify/babify/our-team.html]
[htmldemo.net/babify/babify/contact-us.html]
[htmldemo.net/babify/babify/faqs.html]
[htmldemo.net/babify/babify/term-of-use.html]
[htmldemo.net/babify/babify/404.html]
[htmldemo.net/babify/babify/assets/images/404.svg]
[htmldemo.net/babify/babify/assets/images/facebook.svg]
[htmldemo.net/babify/babify/login-register.html]
[htmldemo.net/babify/babify/shop-fullwidth.html]
[htmldemo.net/babify/babify/shop-sidebar.html]
[htmldemo.net/babify/babify/shop-masonry.html]
[htmldemo.net/babify/babify/shop-3-columns.html]
[htmldemo.net/babify/babify/shop-4-columns.html]
[htmldemo.net/babify/babify/cart.html]
[htmldemo.net/babify/babify/assets/images/google.svg]
[htmldemo.net/babify/babify/assets/images/order-tracking.jpg]
[htmldemo.net/babify/babify/order-tracking.html]
[htmldemo.net/babify/babify/compare.html]
[htmldemo.net/babify/babify/empty-cart.html]
[htmldemo.net/babify/babify/assets/images/cart-empty.svg]
[htmldemo.net/babify/babify/checkout.html]
[htmldemo.net/babify/babify/thank-you.html]
[htmldemo.net/babify/babify/assets/images/icon/coupon.svg]
[htmldemo.net/babify/babify/assets/images/content-single-product-image-2.png]
[htmldemo.net/babify/babify/assets/images/content-single-product-image-1.jpg]
[htmldemo.net/babify/babify/product-single.html]
[htmldemo.net/babify/babify/product-single-variable.html]
[htmldemo.net/babify/babify/product-single-carousel.html]
[htmldemo.net/babify/babify/product-single-affiliate.html]
[htmldemo.net/babify/babify/product-single-countdown.html]
[htmldemo.net/babify/babify/assets/images/blog-page-header.jpg]
[htmldemo.net/babify/babify/assets/images/blog/blog-1.jpg]
[htmldemo.net/babify/babify/assets/images/blog/blog-2.jpg]
[htmldemo.net/babify/babify/assets/images/blog/blog-3.jpg]
[htmldemo.net/babify/babify/assets/images/blog/blog-4.jpg]
[htmldemo.net/babify/babify/assets/images/blog/blog-5.jpg]
[htmldemo.net/babify/babify/blog-right-sidebar.html]
[htmldemo.net/babify/babify/blog-left-sidebar.html]
[htmldemo.net/babify/babify/blog.html]
[htmldemo.net/babify/babify/assets/images/blog/content-single-post-1a.jpg]
[htmldemo.net/babify/babify/assets/images/user/user-4.jpg]
[htmldemo.net/babify/babify/blog-single.html]
[htmldemo.net/babify/babify/assets/fonts/giuliaplain300.svg]
[htmldemo.net/babify/babify/assets/fonts/giuliaplain400.svg]
[htmldemo.net/babify/babify/assets/fonts/giuliaplain700.svg]
[htmldemo.net/babify/babify/assets/fonts/LaStudioIcons.svg]
[htmldemo.net/babify/babify/assets/images/quote-icon.svg]
[htmldemo.net/babify/babify/assets/images/about/about-shape.html]
[htmldemo.net/babify/babify/assets/images/icon/quote-icon.svg]
[htmldemo.net/babify/babify/assets/images/404.svg]
[htmldemo.net/babify/babify/assets/images/facebook.svg]
[htmldemo.net/babify/babify/assets/images/google.svg]
[htmldemo.net/babify/babify/assets/images/cart-empty.svg]
[htmldemo.net/babify/babify/assets/images/icon/coupon.svg]
